[
  {
    "id": 123,
    "nome": "Novo Restaurante 123",
    "proprietario": "Proprietario 123"
  },
  {
    "id": 456,
    "nome": "Novo Restaurante 456",
    "proprietario": "Proprietario 456"
  }
]